SET
SET
CREATE FUNCTION
CREATE FUNCTION
CREATE FUNCTION
CREATE PROCEDURE
CALL
 llm_train 
-----------
 
(1 row)

DO
              label              | passed
--------------------------------+--------
 tiny_e2e perplexity decreased  | t
(1 row)

SELECT 10
CALL
 llm_train 
-----------
 
(1 row)

DO
            label            | logged_steps
----------------------------+--------------
 tiny_e2e loss decreased    |           10
(1 row)

              label               | matching_steps
---------------------------------+----------------
 tiny_e2e reproducibility verified |             10
(1 row)
