SET
TRUNCATE TABLE
INSERT 0 2
 llm_share_param 
-----------------
 
(1 row)

 model_b_shared_rows 
----------------------
                    0
(1 row)

 resolved_shared 
-----------------
 0000803f
(1 row)

 source_model | source_name | target_model | target_name 
--------------+-------------+--------------+-------------
 model_a      | shared      | model_b      | shared
(1 row)

 llm_materialize_params 
------------------------
 
(1 row)

UPDATE 1
 llm_accumulate_grads 
----------------------
 
(1 row)

 shared_grad 
-------------
 00000040
(1 row)

 llm_unshare_param 
-------------------
 
(1 row)

 unshared_data | step 
---------------+------
 0000803f      |    0
(1 row)

 remaining_shares 
------------------
                0
(1 row)
